TAP version 13
# Subtest: Scanner Engine
    # Subtest: should detect AWS Access Keys
    ok 1 - should detect AWS Access Keys
      ---
      duration_ms: 2.5444
      ...
    # Subtest: should detect Email Addresses with context-aware severity
    ok 2 - should detect Email Addresses with context-aware severity
      ---
      duration_ms: 1.3529
      ...
    # Subtest: should correctly report line numbers
    not ok 3 - should correctly report line numbers
      ---
      duration_ms: 0.6305
      location: 'file:///C:/Users/HP/Downloads/AI%20Secure%20Data%20Intelligence%20Platform/backend/src/scanner/__tests__/engine.test.ts:1:934'
      failureType: 'testCodeFailure'
      error: "Cannot read properties of undefined (reading 'lineNumber')"
      code: 'ERR_TEST_FAILURE'
      name: 'TypeError'
      stack: |-
        TestContext.<anonymous> (C:\Users\HP\Downloads\AI Secure Data Intelligence Platform\backend\src\scanner\__tests__\engine.test.ts:36:35)
        Test.runInAsyncScope (node:async_hooks:206:9)
        Test.run (node:internal/test_runner/test:639:25)
        Suite.processPendingSubtests (node:internal/test_runner/test:382:18)
        Test.postRun (node:internal/test_runner/test:730:19)
        Test.run (node:internal/test_runner/test:688:12)
        async Suite.processPendingSubtests (node:internal/test_runner/test:382:7)
      ...
    # Subtest: should detect multiple different patterns
    ok 4 - should detect multiple different patterns
      ---
      duration_ms: 0.6426
      ...
    1..4
not ok 1 - Scanner Engine
  ---
  duration_ms: 8.5733
  type: 'suite'
  location: 'file:///C:/Users/HP/Downloads/AI%20Secure%20Data%20Intelligence%20Platform/backend/src/scanner/__tests__/engine.test.ts:1:100'
  failureType: 'subtestsFailed'
  error: '1 subtest failed'
  code: 'ERR_TEST_FAILURE'
  ...
1..1
# tests 4
# suites 1
# pass 3
# fail 1
# cancelled 0
# skipped 0
# todo 0
# duration_ms 542.8793
